Copyright 1986-2014 Xilinx, Inc. All Rights Reserved.
-------------------------------------------------------------------------------------------------
| Tool Version : Vivado v.2014.4 (win64) Build 1071353 Tue Nov 18 18:29:27 MST 2014
| Date         : Mon May 30 14:14:25 2016
| Host         : UML-02 running 64-bit major release  (build 9200)
| Command      : report_control_sets -verbose -file basic_dmt_bd_wrapper_control_sets_placed.rpt
| Design       : basic_dmt_bd_wrapper
| Device       : xc7z020
-------------------------------------------------------------------------------------------------

Control Set Information

Table of Contents
-----------------
1. Summary
2. Flip-Flop Distribution
3. Detailed Control Set Information

1. Summary
----------

+-------------------------------------------------------------------+-------+
|                               Status                              | Count |
+-------------------------------------------------------------------+-------+
| Number of unique control sets                                     |    86 |
| Minimum Number of register sites lost to control set restrictions |   292 |
+-------------------------------------------------------------------+-------+


2. Flip-Flop Distribution
-------------------------

+--------------+-----------------------+------------------------+-----------------+--------------+
| Clock Enable | Synchronous Set/Reset | Asynchronous Set/Reset | Total Registers | Total Slices |
+--------------+-----------------------+------------------------+-----------------+--------------+
| No           | No                    | No                     |             683 |          193 |
| No           | No                    | Yes                    |               0 |            0 |
| No           | Yes                   | No                     |              53 |           18 |
| Yes          | No                    | No                     |            3804 |          958 |
| Yes          | No                    | Yes                    |               0 |            0 |
| Yes          | Yes                   | No                     |              64 |           16 |
+--------------+-----------------------+------------------------+-----------------+--------------+


3. Detailed Control Set Information
-----------------------------------

+----------------+--------------------------------------------------------------------------------------------------------------------------------------------------------------------------------------------------------------------------------------------------------------------------------+-------------------------------------------------------------------------------------------------------------------------------------------------------------------------------------------------------------------------------------------------------------------------------------------------------------------+------------------+----------------+
|  Clock Signal  |                                                                                                                                  Enable Signal                                                                                                                                 |                                                                                                                                                  Set/Reset Signal                                                                                                                                                 | Slice Load Count | Bel Load Count |
+----------------+--------------------------------------------------------------------------------------------------------------------------------------------------------------------------------------------------------------------------------------------------------------------------------+-------------------------------------------------------------------------------------------------------------------------------------------------------------------------------------------------------------------------------------------------------------------------------------------------------------------+------------------+----------------+
|  clk_IBUF_BUFG | basic_dmt_bd_i/basic_dmt_1/U0/basic_dmt_struct/sysgen_ifftapis/ofdmordmt_x3/ifft_ofdm/fast_fourier_transform_9_0/basic_dmt_xfft_v9_0_0_instance/U0/i_synth/axi_wrapper/config_channel_fifo/gen_non_real_time.data_in_fifo_pt1/wr_enable                                        |                                                                                                                                                                                                                                                                                                                   |                1 |              1 |
|  clk_IBUF_BUFG | basic_dmt_bd_i/basic_dmt_1/U0/basic_dmt_struct/sysgen_sipafft/down_sample2/ce                                                                                                                                                                                                  |                                                                                                                                                                                                                                                                                                                   |                1 |              1 |
|  clk_IBUF_BUFG | basic_dmt_bd_i/basic_dmt_1/U0/basic_dmt_struct/sysgen_sipafft/fft_x0/fft_ofdm_x0/fast_fourier_transform_9_0/basic_dmt_xfft_v9_0_0_instance/U0/i_synth/axi_wrapper/config_channel_fifo/gen_non_real_time.data_in_fifo_pt1/wr_enable                                             |                                                                                                                                                                                                                                                                                                                   |                1 |              1 |
|  clk_IBUF_BUFG | basic_dmt_bd_i/basic_dmt_1/U0/basic_dmt_struct/sysgen_pis/down_sample17/ce0_out                                                                                                                                                                                                |                                                                                                                                                                                                                                                                                                                   |                1 |              1 |
|  clk_IBUF_BUFG |                                                                                                                                                                                                                                                                                | basic_dmt_bd_i/basic_dmt_1/U0/basic_dmt_default_clock_driver/clockdriver_x2/clr_reg/latency_gt_0.fd_array[1].reg_comp/SR[0]                                                                                                                                                                                       |                1 |              4 |
|  clk_IBUF_BUFG | basic_dmt_bd_i/basic_dmt_1/U0/basic_dmt_struct/sysgen_ifftapis/ofdmordmt_x3/ifft_ofdm/fast_fourier_transform_9_0/basic_dmt_xfft_v9_0_0_instance/U0/i_synth/axi_wrapper/ce_w2c                                                                                                  | basic_dmt_bd_i/basic_dmt_1/U0/basic_dmt_struct/sysgen_ifftapis/ofdmordmt_x3/ifft_ofdm/fast_fourier_transform_9_0/basic_dmt_xfft_v9_0_0_instance/U0/i_synth/xfft_inst/non_floating_point.arch_d.xfft_inst/pe_gen[0].natural_order_input.PE/has_TW_mult.TW/twiddle_generator/tw2.twgen2/n_0_lut_rom.q2_read[7]_i_1  |                1 |              4 |
|  clk_IBUF_BUFG |                                                                                                                                                                                                                                                                                | basic_dmt_bd_i/basic_dmt_1/U0/basic_dmt_struct/sysgen_sip/mcode1/starti_7_200                                                                                                                                                                                                                                     |                3 |              4 |
|  clk_IBUF_BUFG |                                                                                                                                                                                                                                                                                | basic_dmt_bd_i/basic_dmt_1/U0/basic_dmt_struct/sysgen_sipafft/mcode1/loopcounti_12_240                                                                                                                                                                                                                            |                1 |              4 |
|  clk_IBUF_BUFG | basic_dmt_bd_i/basic_dmt_1/U0/basic_dmt_struct/sysgen_sipafft/fft_x0/fft_ofdm_x0/fast_fourier_transform_9_0/basic_dmt_xfft_v9_0_0_instance/U0/i_synth/axi_wrapper/ce_w2c                                                                                                       | basic_dmt_bd_i/basic_dmt_1/U0/basic_dmt_struct/sysgen_sipafft/fft_x0/fft_ofdm_x0/fast_fourier_transform_9_0/basic_dmt_xfft_v9_0_0_instance/U0/i_synth/xfft_inst/non_floating_point.arch_d.xfft_inst/pe_gen[0].natural_order_input.PE/has_TW_mult.TW/twiddle_generator/tw2.twgen2/n_0_lut_rom.q2_read[11]_i_1      |                1 |              4 |
|  clk_IBUF_BUFG | basic_dmt_bd_i/basic_dmt_1/U0/basic_dmt_struct/sysgen_ifftapis/ofdmordmt_x3/ifft_ofdm/fast_fourier_transform_9_0/basic_dmt_xfft_v9_0_0_instance/U0/i_synth/axi_wrapper/ce_w2c                                                                                                  | basic_dmt_bd_i/basic_dmt_1/U0/basic_dmt_struct/sysgen_ifftapis/ofdmordmt_x3/ifft_ofdm/fast_fourier_transform_9_0/basic_dmt_xfft_v9_0_0_instance/U0/i_synth/xfft_inst/non_floating_point.arch_d.xfft_inst/pe_gen[0].natural_order_input.PE/has_TW_mult.TW/twiddle_generator/tw2.twgen2/n_0_lut_rom.q2_read[11]_i_1 |                3 |              4 |
|  clk_IBUF_BUFG | basic_dmt_bd_i/basic_dmt_1/U0/basic_dmt_struct/sysgen_sipafft/fft_x0/fft_ofdm_x0/fast_fourier_transform_9_0/basic_dmt_xfft_v9_0_0_instance/U0/i_synth/axi_wrapper/ce_w2c                                                                                                       | basic_dmt_bd_i/basic_dmt_1/U0/basic_dmt_struct/sysgen_sipafft/fft_x0/fft_ofdm_x0/fast_fourier_transform_9_0/basic_dmt_xfft_v9_0_0_instance/U0/i_synth/xfft_inst/non_floating_point.arch_d.xfft_inst/pe_gen[0].natural_order_input.PE/has_TW_mult.TW/twiddle_generator/tw2.twgen2/n_0_lut_rom.q2_read[7]_i_1       |                1 |              4 |
|  clk_IBUF_BUFG | basic_dmt_bd_i/basic_dmt_1/U0/basic_dmt_struct/sysgen_sipafft/fft_x0/fft_ofdm_x0/fast_fourier_transform_9_0/basic_dmt_xfft_v9_0_0_instance/U0/i_synth/xfft_inst/non_floating_point.arch_d.xfft_inst/FLOW/proc0_counter/load_cnt_ce                                             |                                                                                                                                                                                                                                                                                                                   |                3 |              6 |
|  clk_IBUF_BUFG | basic_dmt_bd_i/basic_dmt_1/U0/basic_dmt_struct/sysgen_sipafft/fft_x0/fft_ofdm_x0/fast_fourier_transform_9_0/basic_dmt_xfft_v9_0_0_instance/U0/i_synth/xfft_inst/non_floating_point.arch_d.xfft_inst/has_bit_reverse.no_cyclic_prefix_xk_counter.DOUT_CNT_CTRL_1/cnt/ce         |                                                                                                                                                                                                                                                                                                                   |                3 |              6 |
|  clk_IBUF_BUFG | basic_dmt_bd_i/basic_dmt_1/U0/basic_dmt_struct/sysgen_sipafft/fft_x0/fft_ofdm_x0/fast_fourier_transform_9_0/basic_dmt_xfft_v9_0_0_instance/U0/i_synth/xfft_inst/non_floating_point.arch_d.xfft_inst/pe_gen[0].natural_order_input.PE/has_addr_gen.bf2_addr_gen/cnt/cnt_ce      |                                                                                                                                                                                                                                                                                                                   |                3 |              6 |
|  clk_IBUF_BUFG | basic_dmt_bd_i/basic_dmt_1/U0/basic_dmt_struct/sysgen_ifftapis/ofdmordmt_x3/ifft_ofdm/fast_fourier_transform_9_0/basic_dmt_xfft_v9_0_0_instance/U0/i_synth/xfft_inst/non_floating_point.arch_d.xfft_inst/has_bit_reverse.no_cyclic_prefix_xk_counter.DOUT_CNT_CTRL_1/cnt/ce    |                                                                                                                                                                                                                                                                                                                   |                3 |              6 |
|  clk_IBUF_BUFG | basic_dmt_bd_i/basic_dmt_1/U0/basic_dmt_struct/sysgen_ifftapis/ofdmordmt_x3/ifft_ofdm/fast_fourier_transform_9_0/basic_dmt_xfft_v9_0_0_instance/U0/i_synth/xfft_inst/non_floating_point.arch_d.xfft_inst/FLOW/proc0_counter/load_cnt_ce                                        |                                                                                                                                                                                                                                                                                                                   |                3 |              6 |
|  clk_IBUF_BUFG | basic_dmt_bd_i/basic_dmt_1/U0/basic_dmt_struct/sysgen_ifftapis/ofdmordmt_x3/ifft_ofdm/fast_fourier_transform_9_0/basic_dmt_xfft_v9_0_0_instance/U0/i_synth/xfft_inst/non_floating_point.arch_d.xfft_inst/DOUT_CNT_CTRL_0/cnt/ce                                                |                                                                                                                                                                                                                                                                                                                   |                3 |              6 |
|  clk_IBUF_BUFG | basic_dmt_bd_i/basic_dmt_1/U0/basic_dmt_default_clock_driver/clockdriver_x4/pipelined_ce.ce_pipeline[1].ce_reg/latency_gt_0.fd_array[1].reg_comp/E[0]                                                                                                                          |                                                                                                                                                                                                                                                                                                                   |                2 |              6 |
|  clk_IBUF_BUFG | basic_dmt_bd_i/basic_dmt_1/U0/basic_dmt_struct/sysgen_sipafft/fft_x0/fft_ofdm_x0/fast_fourier_transform_9_0/basic_dmt_xfft_v9_0_0_instance/U0/i_synth/xfft_inst/non_floating_point.arch_d.xfft_inst/DOUT_CNT_CTRL_0/cnt/ce                                                     |                                                                                                                                                                                                                                                                                                                   |                3 |              6 |
|  clk_IBUF_BUFG | basic_dmt_bd_i/basic_dmt_1/U0/basic_dmt_struct/sysgen_sipafft/fft_x0/fft_ofdm_x0/fast_fourier_transform_9_0/basic_dmt_xfft_v9_0_0_instance/U0/i_synth/xfft_inst/non_floating_point.arch_d.xfft_inst/pe_gen[0].natural_order_input.PE/has_addr_gen.tw_addr_gen/cnt/cnt_ce       |                                                                                                                                                                                                                                                                                                                   |                3 |              6 |
|  clk_IBUF_BUFG | basic_dmt_bd_i/basic_dmt_1/U0/basic_dmt_struct/sysgen_ifftapis/ofdmordmt_x3/ifft_ofdm/fast_fourier_transform_9_0/basic_dmt_xfft_v9_0_0_instance/U0/i_synth/xfft_inst/non_floating_point.arch_d.xfft_inst/pe_gen[0].natural_order_input.PE/has_addr_gen.tw_addr_gen/cnt/cnt_ce  |                                                                                                                                                                                                                                                                                                                   |                3 |              6 |
|  clk_IBUF_BUFG | basic_dmt_bd_i/basic_dmt_1/U0/basic_dmt_struct/sysgen_ifftapis/ofdmordmt_x3/ifft_ofdm/fast_fourier_transform_9_0/basic_dmt_xfft_v9_0_0_instance/U0/i_synth/xfft_inst/non_floating_point.arch_d.xfft_inst/pe_gen[0].natural_order_input.PE/has_addr_gen.bf2_addr_gen/cnt/cnt_ce |                                                                                                                                                                                                                                                                                                                   |                3 |              6 |
|  clk_IBUF_BUFG | basic_dmt_bd_i/basic_dmt_1/U0/basic_dmt_struct/sysgen_sip/fifo1/comp4.core_instance4/U0/inst_fifo_gen/gconvfifo.rf/grf.rf/gntv_or_sync_fifo.gl0.wr/gwss.wsts/I4[0]                                                                                                             |                                                                                                                                                                                                                                                                                                                   |                2 |              7 |
|  clk_IBUF_BUFG |                                                                                                                                                                                                                                                                                | basic_dmt_bd_i/basic_dmt_1/U0/basic_dmt_struct/sysgen_sipafft/mcode1/outputbitcounti_9_290                                                                                                                                                                                                                        |                3 |              7 |
|  clk_IBUF_BUFG | basic_dmt_bd_i/basic_dmt_1/U0/basic_dmt_struct/sysgen_sipafft/fifo1/comp0.core_instance0/U0/inst_fifo_gen/gconvfifo.rf/grf.rf/gntv_or_sync_fifo.gl0.wr/gwss.wsts/I4[0]                                                                                                         |                                                                                                                                                                                                                                                                                                                   |                2 |              7 |
|  clk_IBUF_BUFG | basic_dmt_bd_i/basic_dmt_1/U0/basic_dmt_struct/sysgen_sip/mcode1/subcarcounti_8_26[7]                                                                                                                                                                                          |                                                                                                                                                                                                                                                                                                                   |                3 |              7 |
|  clk_IBUF_BUFG | basic_dmt_bd_i/basic_dmt_1/U0/basic_dmt_struct/sysgen_sipafft/fft_x0/fft_ofdm_x0/fifo1/comp3.core_instance3/U0/inst_fifo_gen/gconvfifo.rf/grf.rf/gntv_or_sync_fifo.gl0.wr/gwss.wsts/E[0]                                                                                       |                                                                                                                                                                                                                                                                                                                   |                2 |              8 |
|  clk_IBUF_BUFG | basic_dmt_bd_i/basic_dmt_1/U0/basic_dmt_struct/sysgen_sipafft/fft_x0/fft_ofdm_x0/fifo/comp3.core_instance3/U0/inst_fifo_gen/gconvfifo.rf/grf.rf/gntv_or_sync_fifo.gl0.rd/grss.rsts/E[0]                                                                                        |                                                                                                                                                                                                                                                                                                                   |                2 |              8 |
|  clk_IBUF_BUFG | basic_dmt_bd_i/basic_dmt_1/U0/basic_dmt_struct/sysgen_sipafft/fft_x0/fft_ofdm_x0/fifo/comp3.core_instance3/U0/inst_fifo_gen/gconvfifo.rf/grf.rf/gntv_or_sync_fifo.gl0.wr/gwss.wsts/E[0]                                                                                        |                                                                                                                                                                                                                                                                                                                   |                2 |              8 |
|  clk_IBUF_BUFG | basic_dmt_bd_i/basic_dmt_1/U0/basic_dmt_struct/sysgen_ifftapis/ofdmordmt_x3/ifft_ofdm/fifo1/comp3.core_instance3/U0/inst_fifo_gen/gconvfifo.rf/grf.rf/gntv_or_sync_fifo.gl0.rd/grss.rsts/E[0]                                                                                  |                                                                                                                                                                                                                                                                                                                   |                3 |              8 |
|  clk_IBUF_BUFG | basic_dmt_bd_i/basic_dmt_1/U0/basic_dmt_struct/sysgen_ifftapis/ofdmordmt_x3/ifft_ofdm/fifo/comp2.core_instance2/U0/inst_fifo_gen/gconvfifo.rf/grf.rf/gntv_or_sync_fifo.gl0.wr/gwss.wsts/E[0]                                                                                   |                                                                                                                                                                                                                                                                                                                   |                2 |              8 |
|  clk_IBUF_BUFG |                                                                                                                                                                                                                                                                                | basic_dmt_bd_i/basic_dmt_1/U0/basic_dmt_struct/sysgen_pis/mcode1/loopcounti_12_240                                                                                                                                                                                                                                |                3 |              8 |
|  clk_IBUF_BUFG | basic_dmt_bd_i/basic_dmt_1/U0/basic_dmt_struct/sysgen_ifftapis/ofdmordmt_x3/ifft_ofdm/fifo/comp2.core_instance2/U0/inst_fifo_gen/gconvfifo.rf/grf.rf/gntv_or_sync_fifo.gl0.rd/grss.rsts/E[0]                                                                                   |                                                                                                                                                                                                                                                                                                                   |                2 |              8 |
|  clk_IBUF_BUFG |                                                                                                                                                                                                                                                                                | basic_dmt_bd_i/basic_dmt_1/U0/basic_dmt_struct/sysgen_pis/mcode1/subcarcounti_8_260                                                                                                                                                                                                                               |                2 |              8 |
|  clk_IBUF_BUFG | basic_dmt_bd_i/basic_dmt_1/U0/basic_dmt_struct/sysgen_ifftapis/ofdmordmt_x3/ifft_ofdm/fifo1/comp3.core_instance3/U0/inst_fifo_gen/gconvfifo.rf/grf.rf/gntv_or_sync_fifo.gl0.wr/gwss.wsts/E[0]                                                                                  |                                                                                                                                                                                                                                                                                                                   |                4 |              8 |
|  clk_IBUF_BUFG | basic_dmt_bd_i/basic_dmt_1/U0/basic_dmt_struct/sysgen_sipafft/fft_x0/fft_ofdm_x0/fifo1/comp3.core_instance3/U0/inst_fifo_gen/gconvfifo.rf/grf.rf/gntv_or_sync_fifo.gl0.rd/grss.rsts/E[0]                                                                                       |                                                                                                                                                                                                                                                                                                                   |                2 |              8 |
|  clk_IBUF_BUFG | basic_dmt_bd_i/basic_dmt_1/U0/basic_dmt_struct/sysgen_sipafft/down_sample3/ce0_out_0                                                                                                                                                                                           |                                                                                                                                                                                                                                                                                                                   |                3 |              9 |
|  clk_IBUF_BUFG | basic_dmt_bd_i/basic_dmt_1/U0/basic_dmt_struct/sysgen_sipafft/down_sample1/ce0_out_0                                                                                                                                                                                           |                                                                                                                                                                                                                                                                                                                   |                2 |              9 |
|  clk_IBUF_BUFG | basic_dmt_bd_i/basic_dmt_1/U0/basic_dmt_struct/sysgen_ifftapis/down_sample/ce0_out                                                                                                                                                                                             |                                                                                                                                                                                                                                                                                                                   |                2 |              9 |
|  clk_IBUF_BUFG | basic_dmt_bd_i/basic_dmt_1/U0/basic_dmt_struct/sysgen_ifftapis/down_sample1/ce0_out                                                                                                                                                                                            |                                                                                                                                                                                                                                                                                                                   |                2 |              9 |
|  clk_IBUF_BUFG | basic_dmt_bd_i/basic_dmt_1/U0/basic_dmt_struct/sysgen_ifftapis/fifo1/comp0.core_instance0/U0/inst_fifo_gen/gconvfifo.rf/grf.rf/gntv_or_sync_fifo.gl0.wr/gwss.wsts/E[0]                                                                                                         |                                                                                                                                                                                                                                                                                                                   |                3 |             14 |
|  clk_IBUF_BUFG | basic_dmt_bd_i/basic_dmt_1/U0/basic_dmt_struct/sysgen_ifftapis/fifo2/comp1.core_instance1/U0/inst_fifo_gen/gconvfifo.rf/grf.rf/gntv_or_sync_fifo.gl0.wr/gwss.wsts/E[0]                                                                                                         |                                                                                                                                                                                                                                                                                                                   |                4 |             14 |
|  clk_IBUF_BUFG | basic_dmt_bd_i/basic_dmt_1/U0/basic_dmt_struct/sysgen_ifftapis/fifo2/comp1.core_instance1/U0/inst_fifo_gen/gconvfifo.rf/grf.rf/gntv_or_sync_fifo.gl0.rd/grss.rsts/E[0]                                                                                                         |                                                                                                                                                                                                                                                                                                                   |                2 |             14 |
|  clk_IBUF_BUFG | basic_dmt_bd_i/basic_dmt_1/U0/basic_dmt_struct/sysgen_sipafft/fifo2/comp1.core_instance1/U0/inst_fifo_gen/gconvfifo.rf/grf.rf/gntv_or_sync_fifo.gl0.rd/grss.rsts/E[0]                                                                                                          |                                                                                                                                                                                                                                                                                                                   |                5 |             14 |
|  clk_IBUF_BUFG | basic_dmt_bd_i/basic_dmt_1/U0/basic_dmt_struct/sysgen_pis/fifo2/comp4.core_instance4/U0/inst_fifo_gen/gconvfifo.rf/grf.rf/gntv_or_sync_fifo.gl0.rd/grss.rsts/E[0]                                                                                                              |                                                                                                                                                                                                                                                                                                                   |                3 |             14 |
|  clk_IBUF_BUFG | basic_dmt_bd_i/basic_dmt_1/U0/basic_dmt_struct/sysgen_pis/fifo2/comp4.core_instance4/U0/inst_fifo_gen/gconvfifo.rf/grf.rf/gntv_or_sync_fifo.gl0.wr/gwss.wsts/E[0]                                                                                                              |                                                                                                                                                                                                                                                                                                                   |                3 |             14 |
|  clk_IBUF_BUFG | basic_dmt_bd_i/basic_dmt_1/U0/basic_dmt_struct/sysgen_sip/fifo1/comp4.core_instance4/U0/inst_fifo_gen/gconvfifo.rf/grf.rf/gntv_or_sync_fifo.gl0.rd/grss.rsts/E[0]                                                                                                              |                                                                                                                                                                                                                                                                                                                   |                3 |             14 |
|  clk_IBUF_BUFG | basic_dmt_bd_i/basic_dmt_1/U0/basic_dmt_struct/sysgen_sip/fifo1/comp4.core_instance4/U0/inst_fifo_gen/gconvfifo.rf/grf.rf/gntv_or_sync_fifo.gl0.wr/gwss.wsts/E[0]                                                                                                              |                                                                                                                                                                                                                                                                                                                   |                2 |             14 |
|  clk_IBUF_BUFG | basic_dmt_bd_i/basic_dmt_1/U0/basic_dmt_struct/sysgen_sipafft/fifo1/comp0.core_instance0/U0/inst_fifo_gen/gconvfifo.rf/grf.rf/gntv_or_sync_fifo.gl0.rd/grss.rsts/E[0]                                                                                                          |                                                                                                                                                                                                                                                                                                                   |                3 |             14 |
|  clk_IBUF_BUFG | basic_dmt_bd_i/basic_dmt_1/U0/basic_dmt_struct/sysgen_sipafft/fifo1/comp0.core_instance0/U0/inst_fifo_gen/gconvfifo.rf/grf.rf/gntv_or_sync_fifo.gl0.wr/gwss.wsts/E[0]                                                                                                          |                                                                                                                                                                                                                                                                                                                   |                3 |             14 |
|  clk_IBUF_BUFG | basic_dmt_bd_i/basic_dmt_1/U0/basic_dmt_struct/sysgen_ifftapis/fifo1/comp0.core_instance0/U0/inst_fifo_gen/gconvfifo.rf/grf.rf/gntv_or_sync_fifo.gl0.rd/grss.rsts/E[0]                                                                                                         |                                                                                                                                                                                                                                                                                                                   |                3 |             14 |
|  clk_IBUF_BUFG | basic_dmt_bd_i/basic_dmt_1/U0/basic_dmt_struct/sysgen_sipafft/fifo2/comp1.core_instance1/U0/inst_fifo_gen/gconvfifo.rf/grf.rf/gntv_or_sync_fifo.gl0.wr/gwss.wsts/E[0]                                                                                                          |                                                                                                                                                                                                                                                                                                                   |                3 |             14 |
|  clk_IBUF_BUFG | basic_dmt_bd_i/basic_dmt_1/U0/basic_dmt_struct/sysgen_ifftapis/guard_interval_x0/set_gi_ofdm_x0/mcode/i6_re_16_190                                                                                                                                                             |                                                                                                                                                                                                                                                                                                                   |               13 |             18 |
|  clk_IBUF_BUFG | basic_dmt_bd_i/basic_dmt_1/U0/basic_dmt_struct/sysgen_ifftapis/guard_interval_x0/set_gi_ofdm_x0/mcode/i8_re_20_190                                                                                                                                                             |                                                                                                                                                                                                                                                                                                                   |               14 |             18 |
|  clk_IBUF_BUFG |                                                                                                                                                                                                                                                                                | basic_dmt_bd_i/basic_dmt_1/U0/basic_dmt_struct/sysgen_sipafft/mux/O1                                                                                                                                                                                                                                              |                5 |             18 |
|  clk_IBUF_BUFG | basic_dmt_bd_i/basic_dmt_1/U0/basic_dmt_struct/sysgen_ifftapis/ofdmordmt_x3/ifft_ofdm/fast_fourier_transform_9_0/basic_dmt_xfft_v9_0_0_instance/U0/i_synth/axi_wrapper/data_in_channel_fifo/gen_non_real_time.data_in_fifo_pt1/O2[0]                                           |                                                                                                                                                                                                                                                                                                                   |                3 |             18 |
|  clk_IBUF_BUFG | basic_dmt_bd_i/basic_dmt_1/U0/basic_dmt_struct/sysgen_ifftapis/ofdmordmt_x3/ifft_ofdm/fast_fourier_transform_9_0/basic_dmt_xfft_v9_0_0_instance/U0/i_synth/axi_wrapper/data_in_channel_fifo/gen_non_real_time.data_in_fifo_pt1/wr_enable                                       |                                                                                                                                                                                                                                                                                                                   |                3 |             18 |
|  clk_IBUF_BUFG | basic_dmt_bd_i/basic_dmt_1/U0/basic_dmt_struct/sysgen_ifftapis/ofdmordmt_x3/ifft_ofdm/fast_fourier_transform_9_0/basic_dmt_xfft_v9_0_0_instance/U0/i_synth/axi_wrapper/data_in_channel_fifo/gen_non_real_time.data_in_fifo_pt1/O3[0]                                           |                                                                                                                                                                                                                                                                                                                   |                5 |             18 |
|  clk_IBUF_BUFG | basic_dmt_bd_i/basic_dmt_1/U0/basic_dmt_struct/sysgen_ifftapis/guard_interval_x0/set_gi_ofdm_x0/mcode/i5_re_14_190                                                                                                                                                             |                                                                                                                                                                                                                                                                                                                   |               13 |             18 |
|  clk_IBUF_BUFG | basic_dmt_bd_i/basic_dmt_1/U0/basic_dmt_struct/sysgen_ifftapis/guard_interval_x0/set_gi_ofdm_x0/mcode/i4_re_12_190                                                                                                                                                             |                                                                                                                                                                                                                                                                                                                   |               13 |             18 |
|  clk_IBUF_BUFG | basic_dmt_bd_i/basic_dmt_1/U0/basic_dmt_struct/sysgen_ifftapis/guard_interval_x0/set_gi_ofdm_x0/mcode/i3_re_10_190                                                                                                                                                             |                                                                                                                                                                                                                                                                                                                   |               12 |             18 |
|  clk_IBUF_BUFG | basic_dmt_bd_i/basic_dmt_1/U0/basic_dmt_struct/sysgen_ifftapis/guard_interval_x0/set_gi_ofdm_x0/mcode/i2_re_8_190                                                                                                                                                              |                                                                                                                                                                                                                                                                                                                   |               11 |             18 |
|  clk_IBUF_BUFG | basic_dmt_bd_i/basic_dmt_1/U0/basic_dmt_struct/sysgen_ifftapis/guard_interval_x0/set_gi_ofdm_x0/mcode/i16_re_36_200                                                                                                                                                            |                                                                                                                                                                                                                                                                                                                   |               10 |             18 |
|  clk_IBUF_BUFG | basic_dmt_bd_i/basic_dmt_1/U0/basic_dmt_struct/sysgen_ifftapis/guard_interval_x0/set_gi_ofdm_x0/mcode/i15_re_34_200                                                                                                                                                            |                                                                                                                                                                                                                                                                                                                   |               14 |             18 |
|  clk_IBUF_BUFG | basic_dmt_bd_i/basic_dmt_1/U0/basic_dmt_struct/sysgen_sipafft/fft_x0/fft_ofdm_x0/fast_fourier_transform_9_0/basic_dmt_xfft_v9_0_0_instance/U0/i_synth/axi_wrapper/data_in_channel_fifo/gen_non_real_time.data_in_fifo_pt1/wr_enable                                            |                                                                                                                                                                                                                                                                                                                   |                3 |             18 |
|  clk_IBUF_BUFG | basic_dmt_bd_i/basic_dmt_1/U0/basic_dmt_struct/sysgen_ifftapis/guard_interval_x0/set_gi_ofdm_x0/mcode/i1_re_6_190                                                                                                                                                              |                                                                                                                                                                                                                                                                                                                   |               14 |             18 |
|  clk_IBUF_BUFG | basic_dmt_bd_i/basic_dmt_1/U0/basic_dmt_struct/sysgen_sipafft/fft_x0/fft_ofdm_x0/fast_fourier_transform_9_0/basic_dmt_xfft_v9_0_0_instance/U0/i_synth/axi_wrapper/data_in_channel_fifo/gen_non_real_time.data_in_fifo_pt1/O3[0]                                                |                                                                                                                                                                                                                                                                                                                   |                3 |             18 |
|  clk_IBUF_BUFG | basic_dmt_bd_i/basic_dmt_1/U0/basic_dmt_struct/sysgen_ifftapis/guard_interval_x0/set_gi_ofdm_x0/mcode/i9_re_22_190                                                                                                                                                             |                                                                                                                                                                                                                                                                                                                   |               12 |             18 |
|  clk_IBUF_BUFG | basic_dmt_bd_i/basic_dmt_1/U0/basic_dmt_struct/sysgen_ifftapis/guard_interval_x0/set_gi_ofdm_x0/mcode/i7_re_18_190                                                                                                                                                             |                                                                                                                                                                                                                                                                                                                   |                9 |             18 |
|  clk_IBUF_BUFG | basic_dmt_bd_i/basic_dmt_1/U0/basic_dmt_struct/sysgen_sipafft/fft_x0/fft_ofdm_x0/fast_fourier_transform_9_0/basic_dmt_xfft_v9_0_0_instance/U0/i_synth/axi_wrapper/data_in_channel_fifo/gen_non_real_time.data_in_fifo_pt1/O2[0]                                                |                                                                                                                                                                                                                                                                                                                   |                3 |             18 |
|  clk_IBUF_BUFG | basic_dmt_bd_i/basic_dmt_1/U0/basic_dmt_struct/sysgen_ifftapis/guard_interval_x0/set_gi_ofdm_x0/mcode/i14_re_32_200                                                                                                                                                            |                                                                                                                                                                                                                                                                                                                   |               12 |             18 |
|  clk_IBUF_BUFG | basic_dmt_bd_i/basic_dmt_1/U0/basic_dmt_struct/sysgen_ifftapis/guard_interval_x0/set_gi_ofdm_x0/mcode/i13_re_30_200                                                                                                                                                            |                                                                                                                                                                                                                                                                                                                   |               13 |             18 |
|  clk_IBUF_BUFG | basic_dmt_bd_i/basic_dmt_1/U0/basic_dmt_struct/sysgen_ifftapis/guard_interval_x0/set_gi_ofdm_x0/mcode/i12_re_28_200                                                                                                                                                            |                                                                                                                                                                                                                                                                                                                   |               14 |             18 |
|  clk_IBUF_BUFG | basic_dmt_bd_i/basic_dmt_1/U0/basic_dmt_struct/sysgen_ifftapis/guard_interval_x0/set_gi_ofdm_x0/mcode/i10_re_24_200                                                                                                                                                            |                                                                                                                                                                                                                                                                                                                   |               14 |             18 |
|  clk_IBUF_BUFG | basic_dmt_bd_i/basic_dmt_1/U0/basic_dmt_struct/sysgen_ifftapis/guard_interval_x0/set_gi_ofdm_x0/mcode/i11_re_26_200                                                                                                                                                            |                                                                                                                                                                                                                                                                                                                   |               14 |             18 |
|  clk_IBUF_BUFG | basic_dmt_bd_i/basic_dmt_1/U0/basic_dmt_struct/sysgen_sipafft/fft_x0/fft_ofdm_x0/fast_fourier_transform_9_0/basic_dmt_xfft_v9_0_0_instance/U0/i_synth/axi_wrapper/data_out_channel/data_out_fifo_write                                                                         |                                                                                                                                                                                                                                                                                                                   |                4 |             20 |
|  clk_IBUF_BUFG | basic_dmt_bd_i/basic_dmt_1/U0/basic_dmt_struct/sysgen_sipafft/fft_x0/fft_ofdm_x0/fast_fourier_transform_9_0/basic_dmt_xfft_v9_0_0_instance/U0/i_synth/axi_wrapper/ce_w2c                                                                                                       | basic_dmt_bd_i/basic_dmt_1/U0/basic_dmt_struct/sysgen_sipafft/fft_x0/fft_ofdm_x0/fast_fourier_transform_9_0/basic_dmt_xfft_v9_0_0_instance/U0/i_synth/axi_wrapper/SR[0]                                                                                                                                           |                5 |             20 |
|  clk_IBUF_BUFG | basic_dmt_bd_i/basic_dmt_1/U0/basic_dmt_struct/sysgen_ifftapis/ofdmordmt_x3/ifft_ofdm/fast_fourier_transform_9_0/basic_dmt_xfft_v9_0_0_instance/U0/i_synth/axi_wrapper/ce_w2c                                                                                                  | basic_dmt_bd_i/basic_dmt_1/U0/basic_dmt_struct/sysgen_ifftapis/ofdmordmt_x3/ifft_ofdm/fast_fourier_transform_9_0/basic_dmt_xfft_v9_0_0_instance/U0/i_synth/axi_wrapper/SR[0]                                                                                                                                      |                5 |             28 |
|  clk_IBUF_BUFG | basic_dmt_bd_i/basic_dmt_1/U0/basic_dmt_struct/sysgen_ifftapis/ofdmordmt_x3/ifft_ofdm/fast_fourier_transform_9_0/basic_dmt_xfft_v9_0_0_instance/U0/i_synth/axi_wrapper/data_out_channel/data_out_fifo_write                                                                    |                                                                                                                                                                                                                                                                                                                   |                4 |             28 |
|  clk_IBUF_BUFG | basic_dmt_bd_i/basic_dmt_1/U0/basic_dmt_default_clock_driver/clockdriver_x2/pipelined_ce.ce_pipeline[1].ce_reg/latency_gt_0.fd_array[1].reg_comp/O1                                                                                                                            |                                                                                                                                                                                                                                                                                                                   |               14 |             54 |
|  clk_IBUF_BUFG | basic_dmt_bd_i/basic_dmt_1/U0/basic_dmt_default_clock_driver/clockdriver_x3/pipelined_ce.ce_pipeline[1].ce_reg/latency_gt_0.fd_array[1].reg_comp/ce                                                                                                                            |                                                                                                                                                                                                                                                                                                                   |               19 |             64 |
|  clk_IBUF_BUFG | basic_dmt_bd_i/basic_dmt_1/U0/basic_dmt_default_clock_driver/clockdriver_x4/pipelined_ce.ce_pipeline[1].ce_reg/latency_gt_0.fd_array[1].reg_comp/O1                                                                                                                            |                                                                                                                                                                                                                                                                                                                   |              138 |            517 |
|  clk_IBUF_BUFG |                                                                                                                                                                                                                                                                                |                                                                                                                                                                                                                                                                                                                   |              214 |            751 |
|  clk_IBUF_BUFG | basic_dmt_bd_i/basic_dmt_1/U0/basic_dmt_default_clock_driver/clockdriver_x0/pipelined_ce.ce_pipeline[1].ce_reg/latency_gt_0.fd_array[1].reg_comp/O2                                                                                                                            |                                                                                                                                                                                                                                                                                                                   |              167 |            866 |
|  clk_IBUF_BUFG | basic_dmt_bd_i/basic_dmt_1/U0/basic_dmt_struct/sysgen_ifftapis/ofdmordmt_x3/ifft_ofdm/fast_fourier_transform_9_0/basic_dmt_xfft_v9_0_0_instance/U0/i_synth/axi_wrapper/ce_w2c                                                                                                  |                                                                                                                                                                                                                                                                                                                   |              201 |           1084 |
|  clk_IBUF_BUFG | basic_dmt_bd_i/basic_dmt_1/U0/basic_dmt_struct/sysgen_sipafft/fft_x0/fft_ofdm_x0/fast_fourier_transform_9_0/basic_dmt_xfft_v9_0_0_instance/U0/i_synth/axi_wrapper/ce_w2c                                                                                                       |                                                                                                                                                                                                                                                                                                                   |              208 |           1084 |
+----------------+--------------------------------------------------------------------------------------------------------------------------------------------------------------------------------------------------------------------------------------------------------------------------------+-------------------------------------------------------------------------------------------------------------------------------------------------------------------------------------------------------------------------------------------------------------------------------------------------------------------+------------------+----------------+


